// Vitest Snapshot v1

exports[`renders Greet without name by snapshot 1`] = `
<div>
  <div>
    Hello 
    <span>
      Anonymous
    </span>
  </div>
</div>
`;
